

================================================================
== Vivado HLS Report for 'sha256_transform'
================================================================
* Date:           Fri Apr 26 15:35:04 2019

* Version:        2018.3 (Build 2405991 on Thu Dec 06 23:56:15 MST 2018)
* Project:        sha256d
* Solution:       solution1
* Product family: zynq
* Target device:  xc7z045ffg900-2


================================================================
== Performance Estimates
================================================================
+ Timing (ns): 
    * Summary: 
    +--------+-------+----------+------------+
    |  Clock | Target| Estimated| Uncertainty|
    +--------+-------+----------+------------+
    |ap_clk  |  10.00|     8.013|        1.25|
    +--------+-------+----------+------------+

+ Latency (clock cycles): 
    * Summary: 
    +-----+-----+-----+-----+---------+
    |  Latency  |  Interval | Pipeline|
    | min | max | min | max |   Type  |
    +-----+-----+-----+-----+---------+
    |  193|  193|  193|  193|   none  |
    +-----+-----+-----+-----+---------+

    + Detail: 
        * Instance: 
        N/A

        * Loop: 
        +----------+-----+-----+----------+-----------+-----------+------+----------+
        |          |  Latency  | Iteration|  Initiation Interval  | Trip |          |
        | Loop Name| min | max |  Latency |  achieved |   target  | Count| Pipelined|
        +----------+-----+-----+----------+-----------+-----------+------+----------+
        |- Loop 1  |  192|  192|         3|          -|          -|    64|    no    |
        +----------+-----+-----+----------+-----------+-----------+------+----------+



================================================================
== Utilization Estimates
================================================================
* Summary: 
+-----------------+---------+-------+--------+--------+
|       Name      | BRAM_18K| DSP48E|   FF   |   LUT  |
+-----------------+---------+-------+--------+--------+
|DSP              |        -|      -|       -|       -|
|Expression       |        -|      -|       0|    1071|
|FIFO             |        -|      -|       -|       -|
|Instance         |        -|      -|       0|    1638|
|Memory           |        -|      -|       -|       -|
|Multiplexer      |        -|      -|       -|      66|
|Register         |        -|      -|    2706|       -|
+-----------------+---------+-------+--------+--------+
|Total            |        0|      0|    2706|    2775|
+-----------------+---------+-------+--------+--------+
|Available        |     1090|    900|  437200|  218600|
+-----------------+---------+-------+--------+--------+
|Utilization (%)  |        0|      0|   ~0   |       1|
+-----------------+---------+-------+--------+--------+

+ Detail: 
    * Instance: 
    +-------------------------+----------------------+---------+-------+---+-----+
    |         Instance        |        Module        | BRAM_18K| DSP48E| FF| LUT |
    +-------------------------+----------------------+---------+-------+---+-----+
    |scanhash_sha256d_bkb_U1  |scanhash_sha256d_bkb  |        0|      0|  0|  273|
    |scanhash_sha256d_bkb_U2  |scanhash_sha256d_bkb  |        0|      0|  0|  273|
    |scanhash_sha256d_bkb_U3  |scanhash_sha256d_bkb  |        0|      0|  0|  273|
    |scanhash_sha256d_bkb_U5  |scanhash_sha256d_bkb  |        0|      0|  0|  273|
    |scanhash_sha256d_bkb_U6  |scanhash_sha256d_bkb  |        0|      0|  0|  273|
    |scanhash_sha256d_cud_U4  |scanhash_sha256d_cud  |        0|      0|  0|  273|
    +-------------------------+----------------------+---------+-------+---+-----+
    |Total                    |                      |        0|      0|  0| 1638|
    +-------------------------+----------------------+---------+-------+---+-----+

    * DSP48: 
    N/A

    * Memory: 
    N/A

    * FIFO: 
    N/A

    * Expression: 
    +--------------------------------+----------+-------+---+----+------------+------------+
    |          Variable Name         | Operation| DSP48E| FF| LUT| Bitwidth P0| Bitwidth P1|
    +--------------------------------+----------+-------+---+----+------------+------------+
    |W_16_fu_1783_p2                 |     +    |      0|  0|  32|          32|          32|
    |a_fu_2743_p2                    |     +    |      0|  0|  32|          32|          32|
    |e_fu_2732_p2                    |     +    |      0|  0|  32|          32|          32|
    |i_1_fu_1203_p2                  |     +    |      0|  0|   7|           7|           1|
    |out_state_0_write_a_fu_2139_p2  |     +    |      0|  0|  32|          32|          31|
    |out_state_1_write_a_fu_2145_p2  |     +    |      0|  0|  32|          32|          32|
    |out_state_2_write_a_fu_2151_p2  |     +    |      0|  0|  32|          32|          30|
    |out_state_3_write_a_fu_2157_p2  |     +    |      0|  0|  32|          32|          32|
    |out_state_4_write_a_fu_2163_p2  |     +    |      0|  0|  32|          32|          31|
    |out_state_5_write_a_fu_2169_p2  |     +    |      0|  0|  32|          32|          32|
    |out_state_6_write_a_fu_2175_p2  |     +    |      0|  0|  32|          32|          29|
    |out_state_7_write_a_fu_2181_p2  |     +    |      0|  0|  32|          32|          31|
    |t0_fu_2649_p2                   |     +    |      0|  0|  32|          32|          32|
    |tmp19_fu_1771_p2                |     +    |      0|  0|  32|          32|          32|
    |tmp20_fu_1777_p2                |     +    |      0|  0|  32|          32|          32|
    |tmp24_fu_2645_p2                |     +    |      0|  0|  32|          32|          32|
    |tmp25_fu_2615_p2                |     +    |      0|  0|  32|          32|          32|
    |tmp26_fu_2609_p2                |     +    |      0|  0|  32|          32|          32|
    |tmp28_fu_2738_p2                |     +    |      0|  0|  32|          32|          32|
    |ap_condition_1789               |    and   |      0|  0|   1|           1|           1|
    |ap_condition_698                |    and   |      0|  0|   1|           1|           1|
    |tmp_52_fu_2325_p2               |    and   |      0|  0|  32|          32|          32|
    |tmp_70_fu_2627_p2               |    and   |      0|  0|  32|          32|          32|
    |tmp_71_fu_2633_p2               |    and   |      0|  0|  32|          32|          32|
    |exitcond_fu_1197_p2             |   icmp   |      0|  0|   4|           7|           8|
    |icmp_fu_1219_p2                 |   icmp   |      0|  0|   2|           3|           1|
    |tmp_69_fu_2621_p2               |    or    |      0|  0|  32|          32|          32|
    |tmp_s_fu_2639_p2                |    or    |      0|  0|  32|          32|          32|
    |tmp16_fu_1287_p2                |    xor   |      0|  0|  32|          32|          32|
    |tmp17_fu_1625_p2                |    xor   |      0|  0|  32|          32|          32|
    |tmp21_fu_2307_p2                |    xor   |      0|  0|  32|          32|          32|
    |tmp27_fu_2720_p2                |    xor   |      0|  0|  32|          32|          32|
    |tmp_20_fu_1293_p2               |    xor   |      0|  0|  32|          32|          32|
    |tmp_33_fu_1631_p2               |    xor   |      0|  0|  32|          32|          32|
    |tmp_50_fu_2313_p2               |    xor   |      0|  0|  32|          32|          32|
    |tmp_51_fu_2319_p2               |    xor   |      0|  0|  32|          32|          32|
    |tmp_53_fu_2331_p2               |    xor   |      0|  0|  32|          32|          32|
    |tmp_68_fu_2726_p2               |    xor   |      0|  0|  32|          32|          32|
    +--------------------------------+----------+-------+---+----+------------+------------+
    |Total                           |          |      0|  0|1071|        1075|        1060|
    +--------------------------------+----------+-------+---+----+------------+------------+

    * Multiplexer: 
    +--------------------------------------+----+-----------+-----+-----------+
    |                 Name                 | LUT| Input Size| Bits| Total Bits|
    +--------------------------------------+----+-----------+-----+-----------+
    |ap_NS_fsm                             |   4|          5|    1|          5|
    |ap_phi_mux_W_load_phi_phi_fu_865_p96  |  11|         49|   32|       1568|
    |ap_return_0                           |   3|          2|   32|         64|
    |ap_return_1                           |   3|          2|   32|         64|
    |ap_return_2                           |   3|          2|   32|         64|
    |ap_return_3                           |   3|          2|   32|         64|
    |ap_return_4                           |   3|          2|   32|         64|
    |ap_return_5                           |   3|          2|   32|         64|
    |ap_return_6                           |   3|          2|   32|         64|
    |ap_return_7                           |   3|          2|   32|         64|
    |b_reg_760                             |   3|          2|   32|         64|
    |c_reg_748                             |   3|          2|   32|         64|
    |d1_reg_798                            |   3|          2|   32|         64|
    |d_reg_785                             |   3|          2|   32|         64|
    |f_reg_811                             |   3|          2|   32|         64|
    |g_reg_823                             |   3|          2|   32|         64|
    |h1_reg_849                            |   3|          2|   32|         64|
    |h_reg_836                             |   3|          2|   32|         64|
    |i_reg_773                             |   3|          2|    7|         14|
    +--------------------------------------+----+-----------+-----+-----------+
    |Total                                 |  66|         88|  552|       2611|
    +--------------------------------------+----+-----------+-----+-----------+

    * Register: 
    +------------------+----+----+-----+-----------+
    |       Name       | FF | LUT| Bits| Const Bits|
    +------------------+----+----+-----+-----------+
    |W_15_33_fu_400    |  32|   0|   32|          0|
    |W_15_34_fu_588    |  32|   0|   32|          0|
    |W_15_35_fu_592    |  32|   0|   32|          0|
    |W_15_36_fu_596    |  32|   0|   32|          0|
    |W_15_37_fu_600    |  32|   0|   32|          0|
    |W_15_38_fu_604    |  32|   0|   32|          0|
    |W_15_39_fu_608    |  32|   0|   32|          0|
    |W_15_40_fu_612    |  32|   0|   32|          0|
    |W_15_41_fu_616    |  32|   0|   32|          0|
    |W_15_42_fu_620    |  32|   0|   32|          0|
    |W_15_43_fu_624    |  32|   0|   32|          0|
    |W_15_44_fu_628    |  32|   0|   32|          0|
    |W_15_45_fu_632    |  32|   0|   32|          0|
    |W_15_46_fu_636    |  32|   0|   32|          0|
    |W_15_47_fu_640    |  32|   0|   32|          0|
    |W_15_fu_396       |  32|   0|   32|          0|
    |W_63_100_fu_420   |  32|   0|   32|          0|
    |W_63_101_fu_424   |  32|   0|   32|          0|
    |W_63_102_fu_428   |  32|   0|   32|          0|
    |W_63_103_fu_432   |  32|   0|   32|          0|
    |W_63_104_fu_436   |  32|   0|   32|          0|
    |W_63_105_fu_440   |  32|   0|   32|          0|
    |W_63_106_fu_444   |  32|   0|   32|          0|
    |W_63_107_fu_448   |  32|   0|   32|          0|
    |W_63_108_fu_452   |  32|   0|   32|          0|
    |W_63_109_fu_456   |  32|   0|   32|          0|
    |W_63_110_fu_460   |  32|   0|   32|          0|
    |W_63_111_fu_464   |  32|   0|   32|          0|
    |W_63_112_fu_468   |  32|   0|   32|          0|
    |W_63_113_fu_472   |  32|   0|   32|          0|
    |W_63_114_fu_476   |  32|   0|   32|          0|
    |W_63_115_fu_480   |  32|   0|   32|          0|
    |W_63_116_fu_484   |  32|   0|   32|          0|
    |W_63_117_fu_488   |  32|   0|   32|          0|
    |W_63_118_fu_492   |  32|   0|   32|          0|
    |W_63_119_fu_496   |  32|   0|   32|          0|
    |W_63_120_fu_500   |  32|   0|   32|          0|
    |W_63_121_fu_504   |  32|   0|   32|          0|
    |W_63_122_fu_508   |  32|   0|   32|          0|
    |W_63_123_fu_512   |  32|   0|   32|          0|
    |W_63_124_fu_516   |  32|   0|   32|          0|
    |W_63_125_fu_520   |  32|   0|   32|          0|
    |W_63_126_fu_524   |  32|   0|   32|          0|
    |W_63_127_fu_528   |  32|   0|   32|          0|
    |W_63_128_fu_532   |  32|   0|   32|          0|
    |W_63_129_fu_536   |  32|   0|   32|          0|
    |W_63_130_fu_540   |  32|   0|   32|          0|
    |W_63_131_fu_544   |  32|   0|   32|          0|
    |W_63_132_fu_548   |  32|   0|   32|          0|
    |W_63_133_fu_552   |  32|   0|   32|          0|
    |W_63_134_fu_556   |  32|   0|   32|          0|
    |W_63_135_fu_560   |  32|   0|   32|          0|
    |W_63_136_fu_564   |  32|   0|   32|          0|
    |W_63_137_fu_568   |  32|   0|   32|          0|
    |W_63_138_fu_572   |  32|   0|   32|          0|
    |W_63_139_fu_576   |  32|   0|   32|          0|
    |W_63_140_fu_580   |  32|   0|   32|          0|
    |W_63_141_fu_584   |  32|   0|   32|          0|
    |W_63_142_fu_644   |  32|   0|   32|          0|
    |W_63_143_fu_648   |  32|   0|   32|          0|
    |W_63_97_fu_408    |  32|   0|   32|          0|
    |W_63_98_fu_412    |  32|   0|   32|          0|
    |W_63_99_fu_416    |  32|   0|   32|          0|
    |W_63_fu_404       |  32|   0|   32|          0|
    |ap_CS_fsm         |   4|   0|    4|          0|
    |ap_return_0_preg  |  32|   0|   32|          0|
    |ap_return_1_preg  |  32|   0|   32|          0|
    |ap_return_2_preg  |  32|   0|   32|          0|
    |ap_return_3_preg  |  32|   0|   32|          0|
    |ap_return_4_preg  |  32|   0|   32|          0|
    |ap_return_5_preg  |  32|   0|   32|          0|
    |ap_return_6_preg  |  32|   0|   32|          0|
    |ap_return_7_preg  |  32|   0|   32|          0|
    |b_reg_760         |  32|   0|   32|          0|
    |c_reg_748         |  32|   0|   32|          0|
    |d1_reg_798        |  32|   0|   32|          0|
    |d_reg_785         |  32|   0|   32|          0|
    |f_reg_811         |  32|   0|   32|          0|
    |g_reg_823         |  32|   0|   32|          0|
    |h1_reg_849        |  32|   0|   32|          0|
    |h_reg_836         |  32|   0|   32|          0|
    |i_1_reg_3216      |   7|   0|    7|          0|
    |i_reg_773         |   7|   0|    7|          0|
    |tmp25_reg_3240    |  32|   0|   32|          0|
    |tmp_36_reg_3235   |  32|   0|   32|          0|
    |tmp_53_reg_3230   |  32|   0|   32|          0|
    |tmp_s_reg_3245    |  32|   0|   32|          0|
    +------------------+----+----+-----+-----------+
    |Total             |2706|   0| 2706|          0|
    +------------------+----+----+-----+-----------+



================================================================
== Interface
================================================================
* Summary: 
+---------------+-----+-----+------------+------------------+--------------+
|   RTL Ports   | Dir | Bits|  Protocol  |   Source Object  |    C Type    |
+---------------+-----+-----+------------+------------------+--------------+
|ap_clk         |  in |    1| ap_ctrl_hs | sha256_transform | return value |
|ap_rst         |  in |    1| ap_ctrl_hs | sha256_transform | return value |
|ap_start       |  in |    1| ap_ctrl_hs | sha256_transform | return value |
|ap_done        | out |    1| ap_ctrl_hs | sha256_transform | return value |
|ap_idle        | out |    1| ap_ctrl_hs | sha256_transform | return value |
|ap_ready       | out |    1| ap_ctrl_hs | sha256_transform | return value |
|ap_return_0    | out |   32| ap_ctrl_hs | sha256_transform | return value |
|ap_return_1    | out |   32| ap_ctrl_hs | sha256_transform | return value |
|ap_return_2    | out |   32| ap_ctrl_hs | sha256_transform | return value |
|ap_return_3    | out |   32| ap_ctrl_hs | sha256_transform | return value |
|ap_return_4    | out |   32| ap_ctrl_hs | sha256_transform | return value |
|ap_return_5    | out |   32| ap_ctrl_hs | sha256_transform | return value |
|ap_return_6    | out |   32| ap_ctrl_hs | sha256_transform | return value |
|ap_return_7    | out |   32| ap_ctrl_hs | sha256_transform | return value |
|block_0_read   |  in |   32|   ap_none  |   block_0_read   |    scalar    |
|block_1_read   |  in |   32|   ap_none  |   block_1_read   |    scalar    |
|block_2_read   |  in |   32|   ap_none  |   block_2_read   |    scalar    |
|block_3_read   |  in |   32|   ap_none  |   block_3_read   |    scalar    |
|block_4_read   |  in |   32|   ap_none  |   block_4_read   |    scalar    |
|block_5_read   |  in |   32|   ap_none  |   block_5_read   |    scalar    |
|block_6_read   |  in |   32|   ap_none  |   block_6_read   |    scalar    |
|block_7_read   |  in |   32|   ap_none  |   block_7_read   |    scalar    |
|block_8_read   |  in |   32|   ap_none  |   block_8_read   |    scalar    |
|block_9_read   |  in |   32|   ap_none  |   block_9_read   |    scalar    |
|block_10_read  |  in |   32|   ap_none  |   block_10_read  |    scalar    |
|block_11_read  |  in |   32|   ap_none  |   block_11_read  |    scalar    |
|block_12_read  |  in |   32|   ap_none  |   block_12_read  |    scalar    |
|block_13_read  |  in |   32|   ap_none  |   block_13_read  |    scalar    |
|block_14_read  |  in |   32|   ap_none  |   block_14_read  |    scalar    |
|block_15_read  |  in |   32|   ap_none  |   block_15_read  |    scalar    |
+---------------+-----+-----+------------+------------------+--------------+

