#-----------------------------------------------------------
# Vivado v2015.2 (64-bit)
# SW Build 1266856 on Fri Jun 26 16:35:25 MDT 2015
# IP Build 1264090 on Wed Jun 24 14:22:01 MDT 2015
# Start of session at: Mon Aug 17 17:50:11 2015
# Process ID: 1820
# Log file: C:/Users/Nasser/AppData/Roaming/Xilinx/Vivado/vivado.log
# Journal file: C:/Users/Nasser/AppData/Roaming/Xilinx/Vivado\vivado.jou
#-----------------------------------------------------------
start_gui
open_project D:/Docs/Kintex_UltraScale_Low_Cost_Board/eth_new/eth_new.xpr
open_bd_design {D:/Docs/Kintex_UltraScale_Low_Cost_Board/eth_new/eth_new.srcs/sources_1/bd/design_1/design_1.bd}
report_ip_status -name ip_status 
upgrade_ip [get_ips  {design_1_axi_ethernet_0_0 design_1_axi_gpio_0_0 design_1_axi_mem_intercon_0 design_1_mig_0_0 design_1_axi_ethernet_0_refclk_0 design_1_mdm_1_0 design_1_microblaze_0_0 design_1_microblaze_0_axi_intc_0 design_1_lmb_bram_0 design_1_microblaze_0_axi_periph_0 design_1_rst_mig_0_156M_0 bd_0_eth_mac_0 design_1_mig_0_0_phy}]
startgroup
create_bd_cell -type ip -vlnv xilinx.com:ip:axi_ethernetlite:3.0 axi_ethernetlite_0
endgroup
close_project
open_project D:/V15_2_Designs/K7_MMP/325t_embedded/embedded_design/embedded_design.xpr
archive_project D:/V15_2_Designs/K7_MMP/325t_embedded/embedded_design.xpr.zip -force
archive_project D:/V15_2_Designs/K7_MMP/325t_embedded/embedded_design.xpr.zip -force -exclude_run_results
close_project
open_project D:/V15_2_Designs/K7_MMP/410t_embedded/embedded_design/embedded_design.xpr
archive_project D:/V15_2_Designs/K7_MMP/410t_embedded/embedded_design.xpr.zip -force -exclude_run_results
close_project
open_project D:/V15_2_Designs/Zynq_Mini_ITX/7z045_embedded/zynq_mini_itx_embedded_design/embedded_design.xpr
archive_project D:/V15_2_Designs/Zynq_Mini_ITX/7z045_embedded/embedded_design.xpr.zip -force -exclude_run_results
close_project
open_project D:/V15_2_Designs/Zynq_Mini_ITX/7z045_pcie_rc/hardware/zynq_rc_x4g1_ed/zynq_rc_x4g1_ed.xpr
archive_project D:/V15_2_Designs/Zynq_Mini_ITX/7z045_pcie_rc/hardware/zynq_rc_x4g1_ed.xpr.zip -force -exclude_run_results
close_project
open_project D:/V15_2_Designs/Zynq_Mini_ITX/7z045_pjtag/zynq_mini_itx_pjtag_design/pjtag_design.xpr
archive_project D:/V15_2_Designs/Zynq_Mini_ITX/7z045_pjtag/pjtag_design.xpr.zip -force -exclude_run_results
archive_project D:/V15_2_Designs/Zynq_Mini_ITX/7z045_pjtag/zynq_mini_itx_pjtag_design.xpr.zip -force -exclude_run_results
close_project
open_project D:/V15_2_Designs/Zynq_Mini_ITX/7z045_embedded/zynq_mini_itx_embedded_design/embedded_design.xpr
archive_project D:/V15_2_Designs/Zynq_Mini_ITX/7z045_embedded/embedded_design.xpr.zip -force -exclude_run_results
